// Vitest Snapshot v1, https://vitest.dev/guide/snapshot.html

exports[`plugin-replace-assets > transformAssets > should work with like css 1`] = `
".foo {
  background-image: url("https://example.com/assets/images/foo.jpg");
  background-image: url("https://example.com/assets/images/foo.png");
  background-image: url("https://example.com/assets/images/foo.gif");
  background-image: url("https://example.com/assets/images/foo.svg");
  background-image: url("https://example.com/assets/medias/foo.mp4");

  background-image: url("https://example.com/assets/images/foo.jpg");
  background-image: url("https://example.com/assets/images/foo.png");

  background-image: url("https://example.com/assets/images/foo.jpg?a=1");

  background-image: url("https://not-replace.com/images/foo.jpg");

  background: url("https://example.com/assets/images/foo.png");

}
"
`;

exports[`plugin-replace-assets > transformAssets > should work with like html 1`] = `
"<img src="https://example.com/assets/images/foo.jpg" />
<img src="https://example.com/assets/images/foo.png" />
<img src="https://example.com/assets/images/foo.gif" />
<img src="https://example.com/assets/images/foo.svg" />
<img src="/images/foo.txt" />
<img src="https://example.com/assets/medias/foo.mp4" />

<img src="https://example.com/assets/images/foo.jpg?a=1" />

<img src="https://not-replace.com/images/foo.jpg" />

<video src="https://example.com/assets/medias/foo.mp4" />
<audio src="https://example.com/assets/medias/foo.mp3" />

<embed src="https://example.com/assets/medias/foo.pdf" />
"
`;

exports[`plugin-replace-assets > transformAssets > should work with like js 1`] = `
"  const a = "https://example.com/assets/images/foo.jpg"
  const b = "https://example.com/assets/images/foo.jpg"
  const c = "https://example.com/assets/images/foo.jpg?a=1"
  const d = "https://not-replace.com/images/foo.jpg"

  const json_string = JSON.parse("{\\"a\\":\\"https://example.com/assets/images/foo.jpg\\"}")
"
`;
