// Vitest Snapshot v1, https://vitest.dev/guide/snapshot.html

exports[`fieldPlugin > ::: field renders a full snapshot 1`] = `
"<VPField name="theme" type="ThemeConfig" required default-value="dark" slug="field-theme" since="v1.2.0"><template #enum><span>light</span><span>dark</span><span>auto</span></template><p>主题配置说明</p>
</VPField>"
`;
