// Vitest Snapshot v1, https://vitest.dev/guide/snapshot.html

exports[`codeSandboxPlugin > should not work 1`] = `
"<JSFiddleViewer source="" title="JS Fiddle" tab="js,css,html,result" width="100%" height="400px" /><p>@[jsfiddle]xxx</p>
<p>@[jsfiddle](</p>
"
`;

exports[`codeSandboxPlugin > should work 1`] = `"<JSFiddleViewer source="user/id" title="JS Fiddle" tab="js,css,html,result" width="100%" height="400px" /><JSFiddleViewer source="user/id" title="JS Fiddle" tab="js,css,html,result" width="100%" height="400px" /><JSFiddleViewer source="user/id" title="JS Fiddle" tab="js,css,html,result" width="100%" height="400px" theme="light" /><JSFiddleViewer source="user/id" title="xxx" tab="js,css,html,result" width="100%" height="500px" theme="dark" />"`;
