// Vitest Snapshot v1, https://vitest.dev/guide/snapshot.html

exports[`pdfPlugin > should not work 1`] = `
"<PDFViewer src="" :page="1" :zoom="50" width="100%" height="" ratio="" title="" /><p>@[pdf]xxx</p>
<p>@<a href=""> pdf</a></p>
<p>@[pdf]</p>
"
`;

exports[`pdfPlugin > should work 1`] = `"<PDFViewer src="foo.pdf" :page="1" :zoom="50" width="100%" height="" ratio="" title="foo.pdf" />"`;

exports[`pdfPlugin > should work 2`] = `"<PDFViewer src="foo.pdf" :page="1" :zoom="50" width="100%" height="" ratio="" title="foo.pdf" /><PDFViewer src="foo.pdf" :page="1" no-toolbar :zoom="50" width="100%" height="" ratio="" title="foo.pdf" /><PDFViewer src="foo.pdf" :page="2" :zoom="50" width="100%" height="" ratio="" title="foo.pdf" /><PDFViewer src="foo.pdf" :page="2" no-toolbar :zoom="50" width="100%" height="" ratio="" title="foo.pdf" /><PDFViewer src="foo.pdf" :page="2" no-toolbar :zoom="1" width="100%" height="600px" ratio="" title="foo.pdf" /><PDFViewer src="foo.pdf" :page="2" no-toolbar :zoom="1" width="100%" height="" ratio="1:1" title="foo.pdf" />"`;
