// Vitest Snapshot v1, https://vitest.dev/guide/snapshot.html

exports[`plotPlugin > should not work with invalid tag 1`] = `
"<p>!!!!</p>
"
`;

exports[`plotPlugin > should not work with invalid tag 2`] = `
"<p>!!plot!</p>
"
`;

exports[`plotPlugin > should not work with invalid tag 3`] = `
"<p>!!!</p>
"
`;

exports[`plotPlugin > should not work with invalid tag 4`] = `
"<p>!! plot !!</p>
"
`;

exports[`plotPlugin > should work 1`] = `
"<p><VPPlot>plot</VPPlot></p>
"
`;

exports[`plotPlugin > should work 2`] = `
"<p>hidden:  <VPPlot>plot</VPPlot>  <strong>strong</strong></p>
"
`;

exports[`plotPlugin > should work 3`] = `
"<p>hidden:<br>
<VPPlot>plot</VPPlot><br>
<VPPlot>plot</VPPlot></p>
"
`;
