// Vitest Snapshot v1, https://vitest.dev/guide/snapshot.html

exports[`timeline > timelinePlugin() > should work 1`] = `
"<VPTimeline :card="undefined"><VPTimelineItem :card="undefined"><template #title>这是标题</template><p>这是内容</p>
</VPTimelineItem><VPTimelineItem :card="undefined"><template #title>这是标题
这也是标题</template><p>这是内容</p>
</VPTimelineItem></VPTimeline><VPTimeline horizontal line="dashed" card><VPTimelineItem time="q1" :card="undefined"><template #title>这是标题</template><p>这是内容</p>
<ul>
<li>1</li>
<li>2</li>
<li>3
<ul>
<li>1.1</li>
<li>1.2</li>
</ul>
</li>
</ul>
</VPTimelineItem><VPTimelineItem time="q2" color="red"><template #title>这是标题</template><p>这是内容</p>
</VPTimelineItem></VPTimeline><VPTimeline placement="right" :card="undefined"><VPTimelineItem icon="xxx" card type="warning"><template #icon><VPIcon name="xxx"/></template><template #title>这是标题</template><p>这是内容</p>
</VPTimelineItem><VPTimelineItem type="danger" line="dotted" :card="undefined"><template #title>这是标题</template><p>这是内容</p>
</VPTimelineItem></VPTimeline><VPTimeline placement="between" :card="undefined"><VPTimelineItem card placement="right"><template #title>这是标题</template><p>这是内容</p>
</VPTimelineItem><VPTimelineItem card placement="left"><template #title>这是标题</template><p>这是内容</p>
</VPTimelineItem><VPTimelineItem :card="undefined"><template #title>这是标题</template><p>这是内容</p>
</VPTimelineItem></VPTimeline>"
`;
